// Jest Snapshot v1, https://goo.gl/fbAQLP

exports[`The Signin Component Test Suite should match the snapshot 1`] = `
<div>
  <div
    className="jumbo-section"
  >
    <div
      className="jb-content-wrapper"
    >
      <img
        alt="jumbo image"
        src={Object {}}
      />
      <p
        className="text"
      >
        Welcome to Fast Food Fast
      </p>
    </div>
  </div>
  <div
    className="grid-wrapper welcome-cnt"
  >
    <div
      className="welcome-msg msg"
    >
      <p
        id="header"
      >
        Fast Food Fast Restaurant
      </p>
      <p
        id="sub-header"
      >
        Welcome
      </p>
      <p
        id="msg-body"
      >
        Nigeria's number one online/offline Restaurant. We provide a wide range of mouth-watering dishes as well as snacks.
      </p>
    </div>
  </div>
  <div
    className="parallax content-01"
  />
  <div
    className="grid-wrapper"
  >
    <div
      className="order-details"
    >
      <img
        src={Object {}}
      />
      <h3
        className="menu-services-txt"
      >
        We make fast deliveries
      </h3>
      <p
        className="menu-services-txt"
      >
        With over 50 branches nationwide we provide fast door-to-door delivery services. Place an order now and watch it delivered in 60 minutes.
      </p>
      <button>
        Read more
      </button>
    </div>
    <div
      className="order-details"
    >
      <img
        src={Object {}}
      />
      <h3
        className="menu-services-txt"
      >
        Safe and secured online payments
      </h3>
      <p
        className="menu-services-txt"
      >
        In a bid to make sure you satisfied and secured when making online payments we put in place a secured payment processing platform to ensure your safety.
      </p>
      <button>
        Read more
      </button>
    </div>
    <div
      className="order-details"
    >
      <img
        src={Object {}}
      />
      <h3
        className="menu-services-txt"
      >
        Mouth watering dishes
      </h3>
      <p
        className="menu-services-txt"
      >
        We provide wide range of mouth-watering dishes
      </p>
      <button>
        Read more
      </button>
    </div>
  </div>
</div>
`;
