// Jest Snapshot v1, https://goo.gl/fbAQLP

exports[`The SignUp Component Test Suite should match the snapshot 1`] = `
<div>
  <form>
    <div
      className="card-header"
    >
      <p>
        Sign up
      </p>
    </div>
    <div
      className="card-content form-group"
    >
      <label>
        <b>
          Username
        </b>
      </label>
      <TextInput
        field="name"
        name="name"
        placeholder="Enter Username"
        required={true}
        type="text"
      />
      <label>
        <b>
          Email
        </b>
      </label>
      <TextInput
        field="email"
        name="email"
        placeholder="Email"
        required={true}
        type="email"
      />
      <label>
        <b>
          Password
        </b>
      </label>
      <TextInput
        field="password"
        name="password"
        placeholder="Enter Password"
        required={true}
        type="password"
      />
      <label>
        <b>
          Confirm Password
        </b>
      </label>
      <TextInput
        field="password_confirmation"
        name="password_confirmation"
        placeholder="Confirm Password"
        required={true}
        type="password"
      />
      <button
        type="submit"
      >
        Submit 
      </button>
      <p>
        Already Registered? 
        <Link
          replace={false}
          to="/signin"
        >
          Sign In
        </Link>
      </p>
    </div>
  </form>
</div>
`;
